#! /usr/bin/vvp
:ivl_version "12.0 (stable)";
:ivl_delay_selection "TYPICAL";
:vpi_time_precision - 12;
:vpi_module "/usr/lib/x86_64-linux-gnu/ivl/system.vpi";
:vpi_module "/usr/lib/x86_64-linux-gnu/ivl/vhdl_sys.vpi";
:vpi_module "/usr/lib/x86_64-linux-gnu/ivl/vhdl_textio.vpi";
:vpi_module "/usr/lib/x86_64-linux-gnu/ivl/v2005_math.vpi";
:vpi_module "/usr/lib/x86_64-linux-gnu/ivl/va_math.vpi";
S_0x5b9aaeaed210 .scope module, "tb_good_counter" "tb_good_counter" 2 3;
 .timescale -9 -12;
v0x5b9aaeaff340_0 .var "clk", 0 0;
v0x5b9aaeaff3e0_0 .net "cnt", 1 0, v0x5b9aaeaff030_0;  1 drivers
v0x5b9aaeaff4b0_0 .var "reset", 0 0;
S_0x5b9aaeaed3a0 .scope module, "uut" "good_counter" 2 10, 3 1 0, S_0x5b9aaeaed210;
 .timescale 0 0;
    .port_info 0 /INPUT 1 "clk";
    .port_info 1 /INPUT 1 "reset";
    .port_info 2 /OUTPUT 2 "cnt";
L_0x71f964d57018 .functor BUFT 1, C4<10>, C4<0>, C4<0>, C4<0>;
v0x5b9aaeaed5d0_0 .net/2u *"_ivl_0", 1 0, L_0x71f964d57018;  1 drivers
v0x5b9aaeafef70_0 .net "clk", 0 0, v0x5b9aaeaff340_0;  1 drivers
v0x5b9aaeaff030_0 .var "cnt", 1 0;
v0x5b9aaeaff0f0_0 .net "comp", 0 0, L_0x5b9aaeaff5e0;  1 drivers
v0x5b9aaeaff1b0_0 .net "reset", 0 0, v0x5b9aaeaff4b0_0;  1 drivers
E_0x5b9aaeab3f50 .event posedge, v0x5b9aaeaff1b0_0, v0x5b9aaeafef70_0;
L_0x5b9aaeaff5e0 .cmp/eq 2, v0x5b9aaeaff030_0, L_0x71f964d57018;
    .scope S_0x5b9aaeaed3a0;
T_0 ;
    %wait E_0x5b9aaeab3f50;
    %load/vec4 v0x5b9aaeaff1b0_0;
    %flag_set/vec4 8;
    %jmp/0xz  T_0.0, 8;
    %pushi/vec4 0, 0, 2;
    %assign/vec4 v0x5b9aaeaff030_0, 0;
    %jmp T_0.1;
T_0.0 ;
    %load/vec4 v0x5b9aaeaff0f0_0;
    %flag_set/vec4 8;
    %jmp/0xz  T_0.2, 8;
    %pushi/vec4 0, 0, 2;
    %assign/vec4 v0x5b9aaeaff030_0, 0;
    %jmp T_0.3;
T_0.2 ;
    %load/vec4 v0x5b9aaeaff030_0;
    %addi 1, 0, 2;
    %assign/vec4 v0x5b9aaeaff030_0, 0;
T_0.3 ;
T_0.1 ;
    %jmp T_0;
    .thread T_0;
    .scope S_0x5b9aaeaed210;
T_1 ;
    %vpi_call 2 17 "$dumpfile", "tb_good_counter.vcd" {0 0 0};
    %vpi_call 2 18 "$dumpvars", 32'sb00000000000000000000000000000000, S_0x5b9aaeaed210 {0 0 0};
    %pushi/vec4 0, 0, 1;
    %store/vec4 v0x5b9aaeaff340_0, 0, 1;
    %pushi/vec4 1, 0, 1;
    %store/vec4 v0x5b9aaeaff4b0_0, 0, 1;
    %delay 3000000, 0;
    %vpi_call 2 22 "$finish" {0 0 0};
    %end;
    .thread T_1;
    .scope S_0x5b9aaeaed210;
T_2 ;
    %delay 10000, 0;
    %load/vec4 v0x5b9aaeaff340_0;
    %inv;
    %store/vec4 v0x5b9aaeaff340_0, 0, 1;
    %jmp T_2;
    .thread T_2;
    .scope S_0x5b9aaeaed210;
T_3 ;
    %delay 1547000, 0;
    %load/vec4 v0x5b9aaeaff4b0_0;
    %inv;
    %store/vec4 v0x5b9aaeaff4b0_0, 0, 1;
    %jmp T_3;
    .thread T_3;
# The file index is used to find the file name in the following table.
:file_names 4;
    "N/A";
    "<interactive>";
    "tb_good_counter.v";
    "good_counter.v";
